name: Foo, sellIn: -1, quality: 0
name: Foo, sellIn: -1, quality: 8
name: Foo, sellIn: -2, quality: 0
name: Foo, sellIn: -11, quality: 0
name: Foo, sellIn: -11, quality: 49
name: Sulfuras, Hand of Ragnaros, sellIn: -1, quality: 1
name: Sulfuras, Hand of Ragnaros, sellIn: 0, quality: 10
name: Aged Brie, sellIn: -2, quality: 2
name: Aged Brie, sellIn: -1, quality: 50
name: Backstage passes to a TAFKAL80ETC concert, sellIn: 0, quality: 3
name: Backstage passes to a TAFKAL80ETC concert, sellIn: -1, quality: 0
name: Backstage passes to a TAFKAL80ETC concert, sellIn: 10, quality: 49
name: Backstage passes to a TAFKAL80ETC concert, sellIn: 10, quality: 50
name: Backstage passes to a TAFKAL80ETC concert, sellIn: 9, quality: 50
name: Backstage passes to a TAFKAL80ETC concert, sellIn: 9, quality: 50
name: Backstage passes to a TAFKAL80ETC concert, sellIn: 9, quality: 50
name: Backstage passes to a TAFKAL80ETC concert, sellIn: 4, quality: 50
name: Backstage passes to a TAFKAL80ETC concert, sellIn: 4, quality: 50
name: Backstage passes to a TAFKAL80ETC concert, sellIn: 4, quality: 50
name: Backstage passes to a TAFKAL80ETC concert, sellIn: 5, quality: 49
name: Backstage passes to a TAFKAL80ETC concert, sellIn: -1, quality: 0
